Flutter crash report.
Please report a bug at https://github.com/flutter/flutter/issues.

## command

flutter build hap --debug --target-platform ohos-arm64

## exception

ProcessException: ProcessException: The command failed with exit code 1
  Command: hvigorw assembleHap -p product=default -p buildMode=debug --no-daemon -p FLUTTER_TARGET=lib\main.dart -p TARGET_PLATFORM=ohos-arm64 -p DART_OBFUSCATION=false -p TRACK_WIDGET_CREATION=true -p TREE_SHAKE_ICONS=false -p PACKAGE_CONFIG=C:\yan\app\.dart_tool\package_config.json

```
#0      RunResult.throwException (package:flutter_tools/src/base/process.dart:122:5)
#1      _DefaultProcessUtils.runSync (package:flutter_tools/src/base/process.dart:524:17)
#2      hvigorwTask (package:flutter_tools/src/ohos/hvigor.dart:138:41)
#3      assembleHap (package:flutter_tools/src/ohos/hvigor.dart:162:10)
#4      OhosHvigorBuilder.buildHap (package:flutter_tools/src/ohos/hvigor.dart:422:33)
<asynchronous suspension>
#5      BuildHapCommand.runCommand (package:flutter_tools/src/commands/build_hap.dart:71:5)
<asynchronous suspension>
#6      FlutterCommand.run.<anonymous closure> (package:flutter_tools/src/runner/flutter_command.dart:1450:27)
<asynchronous suspension>
#7      AppContext.run.<anonymous closure> (package:flutter_tools/src/base/context.dart:153:19)
<asynchronous suspension>
#8      CommandRunner.runCommand (package:args/command_runner.dart:212:13)
<asynchronous suspension>
#9      FlutterCommandRunner.runCommand.<anonymous closure> (package:flutter_tools/src/runner/flutter_command_runner.dart:421:9)
<asynchronous suspension>
#10     AppContext.run.<anonymous closure> (package:flutter_tools/src/base/context.dart:153:19)
<asynchronous suspension>
#11     FlutterCommandRunner.runCommand (package:flutter_tools/src/runner/flutter_command_runner.dart:364:5)
<asynchronous suspension>
#12     run.<anonymous closure>.<anonymous closure> (package:flutter_tools/runner.dart:131:9)
<asynchronous suspension>
#13     AppContext.run.<anonymous closure> (package:flutter_tools/src/base/context.dart:153:19)
<asynchronous suspension>
#14     main (package:flutter_tools/executable.dart:94:3)
<asynchronous suspension>
```

## flutter doctor

```
[!] Flutter (Channel [user-branch], 3.27.5-ohos-1.0.4, on Microsoft Windows [版本 10.0.26200.9445], locale zh-CN)
    ! Flutter version 3.27.5-ohos-1.0.4 on channel [user-branch] at C:\ohos-flutter-327
      Currently on an unknown channel. Run `flutter channel` to switch to an official channel.
      If that doesn't fix the issue, reinstall Flutter by following instructions at https://flutter.dev/setup.
    • Upstream repository https://gitcode.com/CPF-Flutter/flutter_flutter.git
    • FLUTTER_GIT_URL = https://gitcode.com/CPF-Flutter/flutter_flutter.git
    • Framework revision 269265738b (7 weeks ago), 2026-07-28 16:37:44 +0800
    • Engine revision e672b006cb
    • Dart version 3.6.2
    • DevTools version 2.40.0
    • Pub download mirror https://pub.flutter-io.cn
    • Flutter download mirror https://storage.flutter-io.cn
    • If those were intentional, you can disregard the above warnings; however it is recommended to use "git" directly to perform update checks and upgrades.

[✓] HarmonyOS toolchain - develop for HarmonyOS devices
    • OpenHarmony Sdk at C:\Program Files\Huawei\DevEco Studio\sdk, available api versions has [24:default]
    • Ohpm version 6.1.2.285
    • Node version v18.20.1
    • Hvigorw binary at C:\Program Files\Huawei\DevEco Studio\tools\hvigor\bin\hvigorw

[✓] Windows Version (Installed version of Windows is version 10 or higher)

[✗] Android toolchain - develop for Android devices
    ✗ Unable to locate Android SDK.
      Install Android Studio from: https://developer.android.com/studio/index.html
      On first launch it will assist you in installing the Android SDK components.
      (or visit https://flutter.dev/to/windows-android-setup for detailed instructions).
      If the Android SDK has been installed to a custom location, please use
      `flutter config --android-sdk` to update to that location.


[✓] Chrome - develop for the web
    • Chrome at C:\Users\耶\AppData\Local\Google\Chrome\Application\chrome.exe

[✓] Visual Studio - develop Windows apps (Visual Studio 生成工具 2026 18.9.0)
    • Visual Studio at C:\Program Files (x86)\Microsoft Visual Studio\18\BuildTools
    • Visual Studio 生成工具 2026 version 18.9.12105.275
    • Windows 10 SDK version 10.0.26100.0

[!] Android Studio (not installed)
    • Android Studio not found; download from https://developer.android.com/studio/index.html
      (or visit https://flutter.dev/to/windows-android-setup for detailed instructions).

[✓] VS Code (version unknown)
    • VS Code at C:\Users\耶\AppData\Local\Programs\Microsoft VS Code
    • Flutter extension can be installed from:
      🔨 https://marketplace.visualstudio.com/items?itemName=Dart-Code.flutter
    ✗ Unable to determine VS Code version.

[✓] Connected device (3 available)
    • Windows (desktop) • windows • windows-x64    • Microsoft Windows [版本 10.0.26200.9445]
    • Chrome (web)      • chrome  • web-javascript • Google Chrome 136.0.7103.114
    • Edge (web)        • edge    • web-javascript • Microsoft Edge 152.0.4191.66

[✓] Network resources
    • All expected network resources are available.

! Doctor found issues in 3 categories.
```
